// Jest Snapshot v1, https://goo.gl/fbAQLP

exports[`calls the callback 1`] = `
<Button
  onPress={[Function]}
  style={
    Array [
      Object {
        "alignSelf": "center",
        "backgroundColor": "rgb(67, 114, 170)",
        "borderRadius": 6,
        "color": "#FFFFFF",
        "marginVertical": 10,
        "overflow": "hidden",
        "paddingVertical": 10,
        "width": 200,
      },
      false,
    ]
  }
>
  Push me!
</Button>
`;

exports[`calls the callback 2`] = `
<Button
  onPress={[Function]}
  style={
    Array [
      Object {
        "alignSelf": "center",
        "backgroundColor": "rgb(67, 114, 170)",
        "borderRadius": 6,
        "color": "#FFFFFF",
        "marginVertical": 10,
        "overflow": "hidden",
        "paddingVertical": 10,
        "width": 200,
      },
      false,
    ]
  }
>
  Push me!
</Button>
`;

exports[`can change the title 1`] = `
<Button
  onPress={[Function]}
  style={
    Array [
      Object {
        "alignSelf": "center",
        "backgroundColor": "rgb(67, 114, 170)",
        "borderRadius": 6,
        "color": "#FFFFFF",
        "marginVertical": 10,
        "overflow": "hidden",
        "paddingVertical": 10,
        "width": 200,
      },
      false,
    ]
  }
>
  Title
</Button>
`;

exports[`renders 1`] = `
<Button
  onPress={[Function]}
  style={
    Array [
      Object {
        "alignSelf": "center",
        "backgroundColor": "rgb(67, 114, 170)",
        "borderRadius": 6,
        "color": "#FFFFFF",
        "marginVertical": 10,
        "overflow": "hidden",
        "paddingVertical": 10,
        "width": 200,
      },
      false,
    ]
  }
>
  Push me!
</Button>
`;
